// Jest Snapshot v1, https://goo.gl/fbAQLP

exports[`GettingStarted page initially renders documentation 1`] = `
<div>
  <div
    class="page kfp-start-page"
  >
    <div>
      <br />
      <h2
        id="build-your-own-pipeline"
      >
        Build your own pipeline
      </h2>
      <p>
        Build an end-to-end ML pipeline with TensorFlow Extended (TFX) 
        <a
          class="link"
          href="https://console.cloud.google.com/mlengine/notebooks/deploy-notebook?q=download_url%3Dhttps%253A%252F%252Fraw.githubusercontent.com%252Ftensorflow%252Ftfx%252Fmaster%252Fdocs%252Ftutorials%252Ftfx%252Ftemplate.ipynb"
          rel="noopener"
          target="_blank"
        >
          <strong>
            Start Here!
          </strong>
        </a>
         (Alpha)
      </p>
      <br />
      <h2
        id="demonstrations-and-tutorials"
      >
        Demonstrations and Tutorials
      </h2>
      <p>
        This section contains demo and tutorial pipelines.
      </p>
      <p>
        <strong>
          Demos
        </strong>
         - Try an end-to-end demonstration pipeline.
      </p>
      <ul>
        <li>
          <a
            class="link"
            href="#/pipelines"
          >
            TFX pipeline demo
          </a>
           
          <ul>
            <li>
              Classification pipeline with model analysis, based on a public BigQuery dataset of taxicab trips. Learn how to 
              <a
                class="link"
                href="https://console.cloud.google.com/mlengine/notebooks/deploy-notebook?q=download_url%3Dhttps%253A%252F%252Fraw.githubusercontent.com%252Fkubeflow%252Fpipelines%252F0.1.40%252Fsamples%252Fcore%252Fparameterized_tfx_oss%252Ftaxi_pipeline_notebook.ipynb"
                rel="noopener"
                target="_blank"
              >
                get started with TFX pipeline!
              </a>
            </li>
          </ul>
        </li>
        <li>
          <a
            class="link"
            href="#/pipelines"
          >
            XGBoost Pipeline demo
          </a>
           
          <ul>
            <li>
              An example of end-to-end distributed training for an XGBoost model. 
              <a
                class="link"
                href="https://github.com/kubeflow/pipelines/tree/master/samples/core/xgboost_training_cm"
                rel="noopener"
                target="_blank"
              >
                source code
              </a>
            </li>
          </ul>
        </li>
      </ul>
      <br />
      <p>
        <strong>
          Tutorials
        </strong>
         - Learn pipeline concepts by following a tutorial.
      </p>
      <ul>
        <li>
          <a
            class="link"
            href="#/pipelines"
          >
            Data passing in python components
          </a>
           
          <ul>
            <li>
              Shows how to pass data between python components. 
              <a
                class="link"
                href="https://github.com/kubeflow/pipelines/tree/master/samples/tutorials/Data%20passing%20in%20python%20components"
                rel="noopener"
                target="_blank"
              >
                source code
              </a>
            </li>
          </ul>
        </li>
        <li>
          <a
            class="link"
            href="#/pipelines"
          >
            DSL - Control structures
          </a>
           
          <ul>
            <li>
              Shows how to use conditional execution and exit handlers. 
              <a
                class="link"
                href="https://github.com/kubeflow/pipelines/tree/master/samples/tutorials/DSL%20-%20Control%20structures"
                rel="noopener"
                target="_blank"
              >
                source code
              </a>
            </li>
          </ul>
        </li>
      </ul>
      <p>
        Want to learn more? 
        <a
          class="link"
          href="https://www.kubeflow.org/docs/pipelines/tutorials/"
          rel="noopener"
          target="_blank"
        >
          Learn from sample and tutorial pipelines.
        </a>
      </p>
      <br />
      <h3
        id="additional-resources-and-documentation"
      >
        Additional resources and documentation
      </h3>
      <ul>
        <li>
          <a
            class="link"
            href="https://www.tensorflow.org/tfx"
            rel="noopener"
            target="_blank"
          >
            TFX documentation
          </a>
        </li>
        <li>
          <a
            class="link"
            href="https://cloud.google.com/ai-platform/pipelines/docs/"
            rel="noopener"
            target="_blank"
          >
            AI Platform Pipelines documentation
          </a>
        </li>
        <li>
          <a
            class="link"
            href="https://cloud.google.com/ai-platform/pipelines/docs/troubleshooting/"
            rel="noopener"
            target="_blank"
          >
            Troubleshooting guide
          </a>
        </li>
        <li>
          <a
            class="link"
            href="https://www.kubeflow.org/docs/pipelines/"
            rel="noopener"
            target="_blank"
          >
            Kubeflow Pipelines documentation
          </a>
        </li>
      </ul>
    </div>
  </div>
</div>
`;

exports[`GettingStarted page renders documentation with pipeline deep link after querying demo pipelines 1`] = `
"Snapshot Diff:
- First value
+ Second value

@@ -17,11 +17,13 @@
      <h2 id=\\"demonstrations-and-tutorials\\">Demonstrations and Tutorials</h2>
      <p>This section contains demo and tutorial pipelines.</p>
      <p><strong>Demos</strong> - Try an end-to-end demonstration pipeline.</p>
      <ul>
        <li>
-         <a href=\\"#/pipelines\\" class=\\"link\\">TFX pipeline demo</a>
+         <a href=\\"#/pipelines/details/pipeline-id-1?\\" class=\\"link\\"
+           >TFX pipeline demo</a
+         >
          <ul>
            <li>
              Classification pipeline with model analysis, based on a public
              BigQuery dataset of taxicab trips. Learn how to
              <a
@@ -33,11 +35,13 @@
              >
            </li>
          </ul>
        </li>
        <li>
-         <a href=\\"#/pipelines\\" class=\\"link\\">XGBoost Pipeline demo</a>
+         <a href=\\"#/pipelines/details/pipeline-id-2?\\" class=\\"link\\"
+           >XGBoost Pipeline demo</a
+         >
          <ul>
            <li>
              An example of end-to-end distributed training for an XGBoost model.
              <a
                href=\\"https://github.com/kubeflow/pipelines/tree/master/samples/core/xgboost_training_cm\\"
@@ -55,11 +59,13 @@
        <strong>Tutorials</strong> - Learn pipeline concepts by following a
        tutorial.
      </p>
      <ul>
        <li>
-         <a href=\\"#/pipelines\\" class=\\"link\\">Data passing in python components</a>
+         <a href=\\"#/pipelines/details/pipeline-id-4?\\" class=\\"link\\"
+           >Data passing in python components</a
+         >
          <ul>
            <li>
              Shows how to pass data between python components.
              <a
                href=\\"https://github.com/kubeflow/pipelines/tree/master/samples/tutorials/Data%20passing%20in%20python%20components\\"
@@ -70,11 +76,13 @@
              >
            </li>
          </ul>
        </li>
        <li>
-         <a href=\\"#/pipelines\\" class=\\"link\\">DSL - Control structures</a>
+         <a href=\\"#/pipelines/details/pipeline-id-3?\\" class=\\"link\\"
+           >DSL - Control structures</a
+         >
          <ul>
            <li>
              Shows how to use conditional execution and exit handlers.
              <a
                href=\\"https://github.com/kubeflow/pipelines/tree/master/samples/tutorials/DSL%20-%20Control%20structures\\""
`;
